src/pages/AIAgentsView.tsx(4,10): error TS6133: 'fetchApi' is declared but its value is never read.
src/pages/AIAgentsView.tsx(73,31): error TS6133: 'prevInput' is declared but its value is never read.
src/pages/SearchPapersView.tsx(32,12): error TS6133: 'selectedWorkspaceId' is declared but its value is never read.
src/pages/SearchPapersView.tsx(32,33): error TS6133: 'setSelectedWorkspaceId' is declared but its value is never read.
